 WARN  Unsupported engine: wanted: {"node":"22.12.0"} (current: {"node":"v24.14.0","pnpm":"9.15.9"})

> chew-jetty@1.0.0 build C:\Users\Administrator\Documents\GitHub\马来西亚\chew‑jetty
> astro build

[2m10:58:15[22m [34m[@astrojs/cloudflare][39m Enabling sessions with Cloudflare KV with the "SESSION" KV binding.
[2m10:58:15[22m [34m[@astrojs/cloudflare][39m If you see the error "Invalid binding `SESSION`" in your build output, you need to add the binding to your wrangler config file.
[2m10:58:16[22m [34m[content][39m Syncing content
[2m10:58:16[22m [34m[content][39m Synced content
[2m10:58:16[22m [34m[types][39m Generated [2m64ms[22m
[2m10:58:16[22m [34m[build][39m output: [34m"static"[39m
[2m10:58:16[22m [34m[build][39m mode: [34m"server"[39m
[2m10:58:16[22m [34m[build][39m directory: [34mC:\Users\Administrator\Documents\GitHub\马来西亚\chew‑jetty\dist\[39m
[2m10:58:16[22m [34m[build][39m adapter: [32m@astrojs/cloudflare[39m
[2m10:58:16[22m [34m[build][39m Collecting build info...
[2m10:58:16[22m [34m[build][39m [32m✓ Completed in 173ms.[39m
[2m10:58:27[22m [34m[build][39m Building server entrypoints...
[2m10:58:31[22m [34m[vite][39m [32m✓ built in 4.13s[39m
[2m10:58:31[22m [34m[build][39m [32m✓ Completed in 4.19s.[39m

[42m[30m prerendering static routes [39m[49m
[2m10:58:31[22m [32m▶[39m src/pages/index.astro
[2m10:58:31[22m   [34m└─[39m [2m/index.html[22m [2m(+24ms)[22m 
[2m10:58:31[22m [32m✓ Completed in 51ms.
[39m
[2m10:58:31[22m [34m[build][39m Rearranging server assets...
[2m10:58:33[22m [34m[build][39m Server built in [1m17.69s[22m
[2m10:58:33[22m [34m[build][39m [1mComplete![22m
