 WARN  Unsupported engine: wanted: {"node":"22.12.0"} (current: {"node":"v24.14.0","pnpm":"9.15.9"})
(node:19264) [DEP0169] DeprecationWarning: `url.parse()` behavior is not standardized and prone to errors that have security implications. Use the WHATWG URL API instead. CVEs are not issued for `url.parse()` vulnerabilities.
(Use `node --trace-deprecation ...` to show where the warning was created)
Progress: resolved 1, reused 0, downloaded 0, added 0
Progress: resolved 429, reused 315, downloaded 0, added 0
Progress: resolved 647, reused 466, downloaded 0, added 0
 WARN  1 deprecated subdependencies found: tsconfck@3.1.6
Packages: +12
++++++++++++
Progress: resolved 671, reused 467, downloaded 0, added 9
Progress: resolved 671, reused 467, downloaded 0, added 10
Progress: resolved 671, reused 467, downloaded 0, added 11
Progress: resolved 671, reused 467, downloaded 0, added 12, done

devDependencies:
+ wrangler 4.122.0

The following dependencies have build scripts that were ignored: esbuild, workerd
To allow the execution of build scripts for these packages, add their names to "pnpm.onlyBuiltDependencies" in your "package.json", then run "pnpm rebuild"

 WARN  Issues with peer dependencies found
.
└─┬ wrangler 4.122.0
  └── ✕ unmet peer @cloudflare/workers-types@^5.20260811.1: found 4.20260702.1

Done in 1m 3.2s using pnpm v9.15.9
